// Jest Snapshot v1, https://goo.gl/fbAQLP

exports[`<pagination /> should match the snapshot 1`] = `null`;
