// Jest Snapshot v1, https://goo.gl/fbAQLP

exports[`Banner component should match snapshot 1`] = `
<div
  className="sc-bdfBQB gTaVek"
>
  <h1
    className="sc-gsTEea elcpli"
  >
    conduit
  </h1>
  <p
    className="sc-dlfnuX yRSye"
  >
    A place to share your knowledge.
  </p>
</div>
`;
